[33mÔØ»[39m Building...
[32mÔ£ö[39m Building...
Application bundle generation failed. [1.898 seconds] - 2026-03-07T19:05:00.102Z

node.exe : 
[1m[31m[31mX [41;31m[
[41;97mERROR[41;31m][0m 
[1mTS2554: Expected 0 
arguments, but got 1.[0m 
[1m[35m[plugin 
angular-compiler][0m
En línea: 1 Carácter: 1
+ & "C:\Program 
Files\nodejs/node.exe" 
"C:\Program 
Files\nodejs/node_mo ...
+ ~~~~~~~~~~~~~~~~~~~~~~~~
~~~~~~~~~~~~~~~~~~~~~~~~~~
~~~~~~~~~~~~~~~~~~~
    + CategoryInfo        
      : NotSpecified: (  
  [1m[31m[31mX...r-co   
 mpiler][0m:String) [    
], RemoteException
    + FullyQualifiedError 
   Id : NativeCommandErr  
  or
 

    src/app/components/lay
out/layout.component.ts:58
:37:
[37m      58 Ôöé     @Hos
tListener('window:resize',
 ['[32m$event[37m'])
         ÔòÁ              
                        
[32m~~~~~~[0m


[31mX [41;31m[[41;97mER
ROR[41;31m][0m 
[1mTS2367: This 
comparison appears to be 
unintentional because the 
types '"pendiente" | 
"comprado"' and '"todos" 
| "pendientes" | 
"comprados"' have no 
overlap.[0m 
[1m[35m[plugin 
angular-compiler][0m

    src/app/pages/list-det
ail/list-detail.component.
ts:240:41:
[37m      240 Ôöé        
 return 
this.products.filter(p => 
[32mp.status === 
this.filter[37m);
          ÔòÁ             
                          
   [32m~~~~~~~~~~~~~~~~~~
~~~~~~[0m

[39m[22m
