2026-05-29 12:59:22,747 INFO o.a.j.u.JMeterUtils: Setting Locale to en_EN
2026-05-29 12:59:22,767 INFO o.a.j.JMeter: Loading user properties from: /home/Pipe/.local/share/apache-jmeter-5.6.3/bin/user.properties
2026-05-29 12:59:22,768 INFO o.a.j.JMeter: Loading system properties from: /home/Pipe/.local/share/apache-jmeter-5.6.3/bin/system.properties
2026-05-29 12:59:22,774 INFO o.a.j.JMeter: Copyright (c) 1998-2024 The Apache Software Foundation
2026-05-29 12:59:22,774 INFO o.a.j.JMeter: Version 5.6.3
2026-05-29 12:59:22,774 INFO o.a.j.JMeter: java.version=17.0.19
2026-05-29 12:59:22,774 INFO o.a.j.JMeter: java.vm.name=OpenJDK 64-Bit Server VM
2026-05-29 12:59:22,774 INFO o.a.j.JMeter: os.name=Linux
2026-05-29 12:59:22,774 INFO o.a.j.JMeter: os.arch=amd64
2026-05-29 12:59:22,774 INFO o.a.j.JMeter: os.version=7.0.3-arch1-2
2026-05-29 12:59:22,774 INFO o.a.j.JMeter: file.encoding=ANSI_X3.4-1968
2026-05-29 12:59:22,775 INFO o.a.j.JMeter: java.awt.headless=null
2026-05-29 12:59:22,775 INFO o.a.j.JMeter: Max memory     =1073741824
2026-05-29 12:59:22,775 INFO o.a.j.JMeter: Available Processors =12
2026-05-29 12:59:22,784 INFO o.a.j.JMeter: Default Locale=English (EN)
2026-05-29 12:59:22,784 INFO o.a.j.JMeter: JMeter  Locale=English (EN)
2026-05-29 12:59:22,784 INFO o.a.j.JMeter: JMeterHome=/home/Pipe/.local/share/apache-jmeter-5.6.3
2026-05-29 12:59:22,784 INFO o.a.j.JMeter: user.dir  =/home/Pipe/Downloads/basura/Administrador-de-Compras-de-Mercado
2026-05-29 12:59:22,784 INFO o.a.j.JMeter: PWD       =/home/Pipe/Downloads/basura/Administrador-de-Compras-de-Mercado
2026-05-29 12:59:22,785 INFO o.a.j.JMeter: IP: 10.65.141.184 Name: archlinux FullName: archlinux
2026-05-29 12:59:22,795 INFO o.a.j.JMeter: Loaded icon properties from org/apache/jmeter/images/icon.properties
2026-05-29 12:59:22,981 INFO o.a.j.JMeterGuiLauncher: Setting LAF to: com.github.weisj.darklaf.DarkLaf:com.github.weisj.darklaf.theme.DarculaTheme
2026-05-29 12:59:33,004 INFO o.a.j.s.FileServer: Default base='/home/Pipe/Downloads/basura/Administrador-de-Compras-de-Mercado'
2026-05-29 12:59:33,006 INFO o.a.j.g.a.Load: Loading file: /home/Pipe/Downloads/basura/Administrador-de-Compras-de-Mercado/test/jmeter/MercaList-Carga-Completa.jmx
2026-05-29 12:59:33,006 INFO o.a.j.s.FileServer: Set new base='/home/Pipe/Downloads/basura/Administrador-de-Compras-de-Mercado/test/jmeter'
2026-05-29 12:59:33,145 INFO o.a.j.s.SaveService: Testplan (JMX) version: 2.2. Testlog (JTL) version: 2.2
2026-05-29 12:59:33,165 INFO o.a.j.s.SaveService: Using SaveService properties version 5.0
2026-05-29 12:59:33,167 INFO o.a.j.s.SaveService: Using SaveService properties file encoding UTF-8
2026-05-29 12:59:33,168 INFO o.a.j.s.SaveService: Loading file: /home/Pipe/Downloads/basura/Administrador-de-Compras-de-Mercado/test/jmeter/MercaList-Carga-Completa.jmx
2026-05-29 12:59:33,185 INFO o.a.j.p.h.s.HTTPSamplerBase: Parser for text/html is org.apache.jmeter.protocol.http.parser.LagartoBasedHtmlParser
2026-05-29 12:59:33,185 INFO o.a.j.p.h.s.HTTPSamplerBase: Parser for application/xhtml+xml is org.apache.jmeter.protocol.http.parser.LagartoBasedHtmlParser
2026-05-29 12:59:33,185 INFO o.a.j.p.h.s.HTTPSamplerBase: Parser for application/xml is org.apache.jmeter.protocol.http.parser.LagartoBasedHtmlParser
2026-05-29 12:59:33,185 INFO o.a.j.p.h.s.HTTPSamplerBase: Parser for text/xml is org.apache.jmeter.protocol.http.parser.LagartoBasedHtmlParser
2026-05-29 12:59:33,185 INFO o.a.j.p.h.s.HTTPSamplerBase: Parser for text/vnd.wap.wml is org.apache.jmeter.protocol.http.parser.RegexpHTMLParser
2026-05-29 12:59:33,185 INFO o.a.j.p.h.s.HTTPSamplerBase: Parser for text/css is org.apache.jmeter.protocol.http.parser.CssParser
2026-05-29 12:59:33,679 INFO o.a.j.s.SampleResult: Note: Sample TimeStamps are START times
2026-05-29 12:59:33,680 INFO o.a.j.s.SampleResult: sampleresult.default.encoding is set to UTF-8
2026-05-29 12:59:33,680 INFO o.a.j.s.SampleResult: sampleresult.useNanoTime=true
2026-05-29 12:59:33,680 INFO o.a.j.s.SampleResult: sampleresult.nanoThreadSleep=5000
2026-05-29 12:59:33,843 INFO o.a.j.s.FileServer: Set new base='/home/Pipe/Downloads/basura/Administrador-de-Compras-de-Mercado/test/jmeter'
2026-05-29 12:59:36,437 INFO o.a.j.e.StandardJMeterEngine: Running the test!
2026-05-29 12:59:36,438 INFO o.a.j.s.SampleEvent: List of sample_variables: []
2026-05-29 12:59:36,438 INFO o.a.j.s.SampleEvent: List of sample_variables: []
2026-05-29 12:59:36,439 INFO o.a.j.e.u.CompoundVariable: Note: Function class names must contain the string: '.functions.'
2026-05-29 12:59:36,439 INFO o.a.j.e.u.CompoundVariable: Note: Function class names must not contain the string: '.gui.'
2026-05-29 12:59:36,470 INFO o.a.j.g.u.JMeterMenuBar: setRunning(true, *local*)
2026-05-29 12:59:36,471 INFO o.a.j.e.StandardJMeterEngine: Starting setUp thread groups
2026-05-29 12:59:36,471 INFO o.a.j.e.StandardJMeterEngine: Starting setUp ThreadGroup: 1 : Set Up - Registrar usuario 
2026-05-29 12:59:36,471 INFO o.a.j.e.StandardJMeterEngine: Starting 1 threads for group Set Up - Registrar usuario.
2026-05-29 12:59:36,471 INFO o.a.j.e.StandardJMeterEngine: Thread will continue on error
2026-05-29 12:59:36,472 INFO o.a.j.t.ThreadGroup: Starting thread group... number=1 threads=1 ramp-up=1 delayedStart=false
2026-05-29 12:59:36,473 INFO o.a.j.t.ThreadGroup: Started thread group number 1
2026-05-29 12:59:36,474 INFO o.a.j.e.StandardJMeterEngine: Waiting for all setup thread groups to exit
2026-05-29 12:59:36,474 INFO o.a.j.t.JMeterThread: Thread started: Set Up - Registrar usuario 1-1
2026-05-29 12:59:36,485 INFO o.a.j.p.h.s.HTTPHCAbstractImpl: Local host = archlinux
2026-05-29 12:59:36,491 INFO o.a.j.p.h.s.HTTPHC4Impl: HTTP request retry count = 0
2026-05-29 12:59:36,536 INFO o.a.j.t.JMeterThread: Thread is done: Set Up - Registrar usuario 1-1
2026-05-29 12:59:36,536 INFO o.a.j.t.JMeterThread: Thread finished: Set Up - Registrar usuario 1-1
2026-05-29 12:59:36,536 INFO o.a.j.e.StandardJMeterEngine: All Setup Threads have ended
2026-05-29 12:59:36,566 INFO o.a.j.e.StandardJMeterEngine: Starting ThreadGroup: 1 : Usuarios Concurrentes (50)
2026-05-29 12:59:36,566 INFO o.a.j.e.StandardJMeterEngine: Starting 50 threads for group Usuarios Concurrentes (50).
2026-05-29 12:59:36,566 INFO o.a.j.e.StandardJMeterEngine: Thread will start next loop on error
2026-05-29 12:59:36,566 INFO o.a.j.t.ThreadGroup: Starting thread group... number=1 threads=50 ramp-up=5 delayedStart=false
2026-05-29 12:59:36,569 INFO o.a.j.t.JMeterThread: Thread started: Usuarios Concurrentes (50) 1-1
2026-05-29 12:59:36,607 INFO o.a.j.t.ThreadGroup: Started thread group number 1
2026-05-29 12:59:36,607 INFO o.a.j.e.StandardJMeterEngine: All thread groups have been started
2026-05-29 12:59:36,668 INFO o.a.j.t.JMeterThread: Thread started: Usuarios Concurrentes (50) 1-2
2026-05-29 12:59:36,768 INFO o.a.j.t.JMeterThread: Thread started: Usuarios Concurrentes (50) 1-3
2026-05-29 12:59:36,868 INFO o.a.j.t.JMeterThread: Thread started: Usuarios Concurrentes (50) 1-4
2026-05-29 12:59:36,968 INFO o.a.j.t.JMeterThread: Thread started: Usuarios Concurrentes (50) 1-5
2026-05-29 12:59:37,068 INFO o.a.j.t.JMeterThread: Thread started: Usuarios Concurrentes (50) 1-6
2026-05-29 12:59:37,168 INFO o.a.j.t.JMeterThread: Thread started: Usuarios Concurrentes (50) 1-7
2026-05-29 12:59:37,242 INFO o.a.j.e.J.Extraer token: TOKEN EXTRACTED OK: eyJhbGciOiJIUzI1NiJ9...
2026-05-29 12:59:37,242 INFO o.a.j.e.J.Extraer token: TOKEN EXTRACTED OK: eyJhbGciOiJIUzI1NiJ9...
2026-05-29 12:59:37,242 INFO o.a.j.e.J.Extraer token: TOKEN EXTRACTED OK: eyJhbGciOiJIUzI1NiJ9...
2026-05-29 12:59:37,242 INFO o.a.j.e.J.Extraer token: TOKEN EXTRACTED OK: eyJhbGciOiJIUzI1NiJ9...
2026-05-29 12:59:37,242 INFO o.a.j.e.J.Extraer token: TOKEN EXTRACTED OK: eyJhbGciOiJIUzI1NiJ9...
2026-05-29 12:59:37,242 INFO o.a.j.e.J.Extraer token: TOKEN EXTRACTED OK: eyJhbGciOiJIUzI1NiJ9...
2026-05-29 12:59:37,251 INFO o.a.j.e.J.Extraer token: TOKEN EXTRACTED OK: eyJhbGciOiJIUzI1NiJ9...
2026-05-29 12:59:37,268 INFO o.a.j.t.JMeterThread: Thread started: Usuarios Concurrentes (50) 1-8
2026-05-29 12:59:37,363 INFO o.a.j.e.J.Extraer token: TOKEN EXTRACTED OK: eyJhbGciOiJIUzI1NiJ9...
2026-05-29 12:59:37,369 INFO o.a.j.t.JMeterThread: Thread started: Usuarios Concurrentes (50) 1-9
2026-05-29 12:59:37,454 INFO o.a.j.e.J.Extraer token: TOKEN EXTRACTED OK: eyJhbGciOiJIUzI1NiJ9...
2026-05-29 12:59:37,468 INFO o.a.j.t.JMeterThread: Thread started: Usuarios Concurrentes (50) 1-10
2026-05-29 12:59:37,558 INFO o.a.j.e.J.Extraer token: TOKEN EXTRACTED OK: eyJhbGciOiJIUzI1NiJ9...
2026-05-29 12:59:37,569 INFO o.a.j.t.JMeterThread: Thread started: Usuarios Concurrentes (50) 1-11
2026-05-29 12:59:37,668 INFO o.a.j.t.JMeterThread: Thread started: Usuarios Concurrentes (50) 1-12
2026-05-29 12:59:37,673 INFO o.a.j.e.J.Extraer token: TOKEN EXTRACTED OK: eyJhbGciOiJIUzI1NiJ9...
2026-05-29 12:59:37,769 INFO o.a.j.t.JMeterThread: Thread started: Usuarios Concurrentes (50) 1-13
2026-05-29 12:59:37,780 INFO o.a.j.e.J.Extraer token: TOKEN EXTRACTED OK: eyJhbGciOiJIUzI1NiJ9...
2026-05-29 12:59:37,872 INFO o.a.j.t.JMeterThread: Thread started: Usuarios Concurrentes (50) 1-14
2026-05-29 12:59:37,897 INFO o.a.j.e.J.Extraer token: TOKEN EXTRACTED OK: eyJhbGciOiJIUzI1NiJ9...
2026-05-29 12:59:37,968 INFO o.a.j.t.JMeterThread: Thread started: Usuarios Concurrentes (50) 1-15
2026-05-29 12:59:38,003 INFO o.a.j.e.J.Extraer token: TOKEN EXTRACTED OK: eyJhbGciOiJIUzI1NiJ9...
2026-05-29 12:59:38,068 INFO o.a.j.t.JMeterThread: Thread started: Usuarios Concurrentes (50) 1-16
2026-05-29 12:59:38,088 INFO o.a.j.e.J.Extraer token: TOKEN EXTRACTED OK: eyJhbGciOiJIUzI1NiJ9...
2026-05-29 12:59:38,168 INFO o.a.j.t.JMeterThread: Thread started: Usuarios Concurrentes (50) 1-17
2026-05-29 12:59:38,179 INFO o.a.j.e.J.Extraer token: TOKEN EXTRACTED OK: eyJhbGciOiJIUzI1NiJ9...
2026-05-29 12:59:38,268 INFO o.a.j.t.JMeterThread: Thread started: Usuarios Concurrentes (50) 1-18
2026-05-29 12:59:38,354 INFO o.a.j.e.J.Extraer token: TOKEN EXTRACTED OK: eyJhbGciOiJIUzI1NiJ9...
2026-05-29 12:59:38,369 INFO o.a.j.t.JMeterThread: Thread started: Usuarios Concurrentes (50) 1-19
2026-05-29 12:59:38,482 INFO o.a.j.t.JMeterThread: Thread started: Usuarios Concurrentes (50) 1-20
2026-05-29 12:59:38,496 INFO o.a.j.e.J.Extraer token: TOKEN EXTRACTED OK: eyJhbGciOiJIUzI1NiJ9...
2026-05-29 12:59:38,564 INFO o.a.j.e.J.Extraer token: TOKEN EXTRACTED OK: eyJhbGciOiJIUzI1NiJ9...
2026-05-29 12:59:38,575 INFO o.a.j.t.JMeterThread: Thread started: Usuarios Concurrentes (50) 1-21
2026-05-29 12:59:38,582 INFO o.a.j.e.J.Extraer token: TOKEN EXTRACTED OK: eyJhbGciOiJIUzI1NiJ9...
2026-05-29 12:59:38,668 INFO o.a.j.t.JMeterThread: Thread started: Usuarios Concurrentes (50) 1-22
2026-05-29 12:59:38,695 INFO o.a.j.e.J.Extraer token: TOKEN EXTRACTED OK: eyJhbGciOiJIUzI1NiJ9...
2026-05-29 12:59:38,768 INFO o.a.j.t.JMeterThread: Thread started: Usuarios Concurrentes (50) 1-23
2026-05-29 12:59:38,867 INFO o.a.j.e.J.Extraer token: TOKEN EXTRACTED OK: eyJhbGciOiJIUzI1NiJ9...
2026-05-29 12:59:38,868 INFO o.a.j.t.JMeterThread: Thread started: Usuarios Concurrentes (50) 1-24
2026-05-29 12:59:38,878 INFO o.a.j.e.J.Extraer token: TOKEN EXTRACTED OK: eyJhbGciOiJIUzI1NiJ9...
2026-05-29 12:59:38,899 INFO o.a.j.e.J.Extraer token: TOKEN EXTRACTED OK: eyJhbGciOiJIUzI1NiJ9...
2026-05-29 12:59:38,924 INFO o.a.j.e.J.Extraer token: TOKEN EXTRACTED OK: eyJhbGciOiJIUzI1NiJ9...
2026-05-29 12:59:38,932 INFO o.a.j.e.J.Extraer token: TOKEN EXTRACTED OK: eyJhbGciOiJIUzI1NiJ9...
2026-05-29 12:59:38,968 INFO o.a.j.t.JMeterThread: Thread started: Usuarios Concurrentes (50) 1-25
2026-05-29 12:59:38,987 INFO o.a.j.e.J.Extraer token: TOKEN EXTRACTED OK: eyJhbGciOiJIUzI1NiJ9...
2026-05-29 12:59:39,019 INFO o.a.j.e.J.Extraer token: TOKEN EXTRACTED OK: eyJhbGciOiJIUzI1NiJ9...
2026-05-29 12:59:39,033 INFO o.a.j.e.J.Extraer token: TOKEN EXTRACTED OK: eyJhbGciOiJIUzI1NiJ9...
2026-05-29 12:59:39,043 INFO o.a.j.e.J.Extraer token: TOKEN EXTRACTED OK: eyJhbGciOiJIUzI1NiJ9...
2026-05-29 12:59:39,068 INFO o.a.j.t.JMeterThread: Thread started: Usuarios Concurrentes (50) 1-26
2026-05-29 12:59:39,115 INFO o.a.j.e.J.Extraer token: TOKEN EXTRACTED OK: eyJhbGciOiJIUzI1NiJ9...
2026-05-29 12:59:39,166 INFO o.a.j.e.J.Extraer token: TOKEN EXTRACTED OK: eyJhbGciOiJIUzI1NiJ9...
2026-05-29 12:59:39,170 INFO o.a.j.t.JMeterThread: Thread started: Usuarios Concurrentes (50) 1-27
2026-05-29 12:59:39,185 INFO o.a.j.e.J.Extraer token: TOKEN EXTRACTED OK: eyJhbGciOiJIUzI1NiJ9...
2026-05-29 12:59:39,219 INFO o.a.j.e.J.Extraer token: TOKEN EXTRACTED OK: eyJhbGciOiJIUzI1NiJ9...
2026-05-29 12:59:39,270 INFO o.a.j.t.JMeterThread: Thread started: Usuarios Concurrentes (50) 1-28
2026-05-29 12:59:39,358 INFO o.a.j.e.J.Extraer token: TOKEN EXTRACTED OK: eyJhbGciOiJIUzI1NiJ9...
2026-05-29 12:59:39,368 INFO o.a.j.t.JMeterThread: Thread started: Usuarios Concurrentes (50) 1-29
2026-05-29 12:59:39,462 INFO o.a.j.e.J.Extraer token: TOKEN EXTRACTED OK: eyJhbGciOiJIUzI1NiJ9...
2026-05-29 12:59:39,467 INFO o.a.j.t.JMeterThread: Thread started: Usuarios Concurrentes (50) 1-30
2026-05-29 12:59:39,541 INFO o.a.j.e.J.Extraer token: TOKEN EXTRACTED OK: eyJhbGciOiJIUzI1NiJ9...
2026-05-29 12:59:39,567 INFO o.a.j.t.JMeterThread: Thread started: Usuarios Concurrentes (50) 1-31
2026-05-29 12:59:39,571 INFO o.a.j.e.J.Extraer token: TOKEN EXTRACTED OK: eyJhbGciOiJIUzI1NiJ9...
2026-05-29 12:59:39,640 INFO o.a.j.e.J.Extraer token: TOKEN EXTRACTED OK: eyJhbGciOiJIUzI1NiJ9...
2026-05-29 12:59:39,667 INFO o.a.j.t.JMeterThread: Thread started: Usuarios Concurrentes (50) 1-32
2026-05-29 12:59:39,720 INFO o.a.j.e.J.Extraer token: TOKEN EXTRACTED OK: eyJhbGciOiJIUzI1NiJ9...
2026-05-29 12:59:39,727 INFO o.a.j.e.J.Extraer token: TOKEN EXTRACTED OK: eyJhbGciOiJIUzI1NiJ9...
2026-05-29 12:59:39,768 INFO o.a.j.t.JMeterThread: Thread started: Usuarios Concurrentes (50) 1-33
2026-05-29 12:59:39,806 INFO o.a.j.e.J.Extraer token: TOKEN EXTRACTED OK: eyJhbGciOiJIUzI1NiJ9...
2026-05-29 12:59:39,867 INFO o.a.j.t.JMeterThread: Thread started: Usuarios Concurrentes (50) 1-34
2026-05-29 12:59:39,912 INFO o.a.j.e.J.Extraer token: TOKEN EXTRACTED OK: eyJhbGciOiJIUzI1NiJ9...
2026-05-29 12:59:39,968 INFO o.a.j.t.JMeterThread: Thread started: Usuarios Concurrentes (50) 1-35
2026-05-29 12:59:40,030 INFO o.a.j.e.J.Extraer token: TOKEN EXTRACTED OK: eyJhbGciOiJIUzI1NiJ9...
2026-05-29 12:59:40,067 INFO o.a.j.t.JMeterThread: Thread started: Usuarios Concurrentes (50) 1-36
2026-05-29 12:59:40,079 INFO o.a.j.e.J.Extraer token: TOKEN EXTRACTED OK: eyJhbGciOiJIUzI1NiJ9...
2026-05-29 12:59:40,161 INFO o.a.j.e.J.Extraer token: TOKEN EXTRACTED OK: eyJhbGciOiJIUzI1NiJ9...
2026-05-29 12:59:40,167 INFO o.a.j.t.JMeterThread: Thread started: Usuarios Concurrentes (50) 1-37
2026-05-29 12:59:40,268 INFO o.a.j.t.JMeterThread: Thread started: Usuarios Concurrentes (50) 1-38
2026-05-29 12:59:40,344 INFO o.a.j.e.J.Extraer token: TOKEN EXTRACTED OK: eyJhbGciOiJIUzI1NiJ9...
2026-05-29 12:59:40,353 INFO o.a.j.e.J.Extraer token: TOKEN EXTRACTED OK: eyJhbGciOiJIUzI1NiJ9...
2026-05-29 12:59:40,360 INFO o.a.j.e.J.Extraer token: TOKEN EXTRACTED OK: eyJhbGciOiJIUzI1NiJ9...
2026-05-29 12:59:40,368 INFO o.a.j.t.JMeterThread: Thread started: Usuarios Concurrentes (50) 1-39
2026-05-29 12:59:40,440 INFO o.a.j.e.J.Extraer token: TOKEN EXTRACTED OK: eyJhbGciOiJIUzI1NiJ9...
2026-05-29 12:59:40,467 INFO o.a.j.t.JMeterThread: Thread started: Usuarios Concurrentes (50) 1-40
2026-05-29 12:59:40,567 INFO o.a.j.t.JMeterThread: Thread started: Usuarios Concurrentes (50) 1-41
2026-05-29 12:59:40,573 INFO o.a.j.e.J.Extraer token: TOKEN EXTRACTED OK: eyJhbGciOiJIUzI1NiJ9...
2026-05-29 12:59:40,610 INFO o.a.j.e.J.Extraer token: TOKEN EXTRACTED OK: eyJhbGciOiJIUzI1NiJ9...
2026-05-29 12:59:40,667 INFO o.a.j.t.JMeterThread: Thread started: Usuarios Concurrentes (50) 1-42
2026-05-29 12:59:40,749 INFO o.a.j.e.J.Extraer token: TOKEN EXTRACTED OK: eyJhbGciOiJIUzI1NiJ9...
2026-05-29 12:59:40,767 INFO o.a.j.t.JMeterThread: Thread started: Usuarios Concurrentes (50) 1-43
2026-05-29 12:59:40,773 INFO o.a.j.e.J.Extraer token: TOKEN EXTRACTED OK: eyJhbGciOiJIUzI1NiJ9...
2026-05-29 12:59:40,853 INFO o.a.j.e.J.Extraer token: TOKEN EXTRACTED OK: eyJhbGciOiJIUzI1NiJ9...
2026-05-29 12:59:40,867 INFO o.a.j.t.JMeterThread: Thread started: Usuarios Concurrentes (50) 1-44
2026-05-29 12:59:40,905 INFO o.a.j.e.J.Extraer token: TOKEN EXTRACTED OK: eyJhbGciOiJIUzI1NiJ9...
2026-05-29 12:59:40,922 INFO o.a.j.e.J.Extraer token: TOKEN EXTRACTED OK: eyJhbGciOiJIUzI1NiJ9...
2026-05-29 12:59:40,968 INFO o.a.j.t.JMeterThread: Thread started: Usuarios Concurrentes (50) 1-45
2026-05-29 12:59:40,991 INFO o.a.j.e.J.Extraer token: TOKEN EXTRACTED OK: eyJhbGciOiJIUzI1NiJ9...
2026-05-29 12:59:41,068 INFO o.a.j.t.JMeterThread: Thread started: Usuarios Concurrentes (50) 1-46
2026-05-29 12:59:41,167 INFO o.a.j.t.JMeterThread: Thread started: Usuarios Concurrentes (50) 1-47
2026-05-29 12:59:41,267 INFO o.a.j.t.JMeterThread: Thread started: Usuarios Concurrentes (50) 1-48
2026-05-29 12:59:41,269 INFO o.a.j.e.J.Extraer token: TOKEN EXTRACTED OK: eyJhbGciOiJIUzI1NiJ9...
2026-05-29 12:59:41,277 INFO o.a.j.e.J.Extraer token: TOKEN EXTRACTED OK: eyJhbGciOiJIUzI1NiJ9...
2026-05-29 12:59:41,321 INFO o.a.j.e.J.Extraer token: TOKEN EXTRACTED OK: eyJhbGciOiJIUzI1NiJ9...
2026-05-29 12:59:41,346 INFO o.a.j.e.J.Extraer token: TOKEN EXTRACTED OK: eyJhbGciOiJIUzI1NiJ9...
2026-05-29 12:59:41,349 INFO o.a.j.e.J.Extraer token: TOKEN EXTRACTED OK: eyJhbGciOiJIUzI1NiJ9...
2026-05-29 12:59:41,368 INFO o.a.j.t.JMeterThread: Thread started: Usuarios Concurrentes (50) 1-49
2026-05-29 12:59:41,418 INFO o.a.j.e.J.Extraer token: TOKEN EXTRACTED OK: eyJhbGciOiJIUzI1NiJ9...
2026-05-29 12:59:41,455 INFO o.a.j.e.J.Extraer token: TOKEN EXTRACTED OK: eyJhbGciOiJIUzI1NiJ9...
2026-05-29 12:59:41,467 INFO o.a.j.t.JMeterThread: Thread started: Usuarios Concurrentes (50) 1-50
2026-05-29 12:59:41,586 INFO o.a.j.e.J.Extraer token: TOKEN EXTRACTED OK: eyJhbGciOiJIUzI1NiJ9...
2026-05-29 12:59:41,684 INFO o.a.j.e.J.Extraer token: TOKEN EXTRACTED OK: eyJhbGciOiJIUzI1NiJ9...
2026-05-29 12:59:41,692 INFO o.a.j.e.J.Extraer token: TOKEN EXTRACTED OK: eyJhbGciOiJIUzI1NiJ9...
2026-05-29 12:59:41,796 INFO o.a.j.e.J.Extraer token: TOKEN EXTRACTED OK: eyJhbGciOiJIUzI1NiJ9...
2026-05-29 12:59:41,802 INFO o.a.j.e.J.Extraer token: TOKEN EXTRACTED OK: eyJhbGciOiJIUzI1NiJ9...
2026-05-29 12:59:41,935 INFO o.a.j.e.J.Extraer token: TOKEN EXTRACTED OK: eyJhbGciOiJIUzI1NiJ9...
2026-05-29 12:59:41,982 INFO o.a.j.e.J.Extraer token: TOKEN EXTRACTED OK: eyJhbGciOiJIUzI1NiJ9...
2026-05-29 12:59:42,237 INFO o.a.j.e.J.Extraer token: TOKEN EXTRACTED OK: eyJhbGciOiJIUzI1NiJ9...
2026-05-29 12:59:42,250 INFO o.a.j.e.J.Extraer token: TOKEN EXTRACTED OK: eyJhbGciOiJIUzI1NiJ9...
2026-05-29 12:59:42,276 INFO o.a.j.e.J.Extraer token: TOKEN EXTRACTED OK: eyJhbGciOiJIUzI1NiJ9...
2026-05-29 12:59:42,369 INFO o.a.j.e.J.Extraer token: TOKEN EXTRACTED OK: eyJhbGciOiJIUzI1NiJ9...
2026-05-29 12:59:42,482 INFO o.a.j.e.J.Extraer token: TOKEN EXTRACTED OK: eyJhbGciOiJIUzI1NiJ9...
2026-05-29 12:59:42,637 INFO o.a.j.e.J.Extraer token: TOKEN EXTRACTED OK: eyJhbGciOiJIUzI1NiJ9...
2026-05-29 12:59:42,700 INFO o.a.j.e.J.Extraer token: TOKEN EXTRACTED OK: eyJhbGciOiJIUzI1NiJ9...
2026-05-29 12:59:42,757 INFO o.a.j.e.J.Extraer token: TOKEN EXTRACTED OK: eyJhbGciOiJIUzI1NiJ9...
2026-05-29 12:59:42,857 INFO o.a.j.e.J.Extraer token: TOKEN EXTRACTED OK: eyJhbGciOiJIUzI1NiJ9...
2026-05-29 12:59:42,916 INFO o.a.j.e.J.Extraer token: TOKEN EXTRACTED OK: eyJhbGciOiJIUzI1NiJ9...
2026-05-29 12:59:42,927 INFO o.a.j.e.J.Extraer token: TOKEN EXTRACTED OK: eyJhbGciOiJIUzI1NiJ9...
2026-05-29 12:59:43,008 INFO o.a.j.e.J.Extraer token: TOKEN EXTRACTED OK: eyJhbGciOiJIUzI1NiJ9...
2026-05-29 12:59:43,076 INFO o.a.j.e.J.Extraer token: TOKEN EXTRACTED OK: eyJhbGciOiJIUzI1NiJ9...
2026-05-29 12:59:43,086 INFO o.a.j.e.J.Extraer token: TOKEN EXTRACTED OK: eyJhbGciOiJIUzI1NiJ9...
2026-05-29 12:59:43,221 INFO o.a.j.e.J.Extraer token: TOKEN EXTRACTED OK: eyJhbGciOiJIUzI1NiJ9...
2026-05-29 12:59:43,372 INFO o.a.j.e.J.Extraer token: TOKEN EXTRACTED OK: eyJhbGciOiJIUzI1NiJ9...
2026-05-29 12:59:43,468 INFO o.a.j.e.J.Extraer token: TOKEN EXTRACTED OK: eyJhbGciOiJIUzI1NiJ9...
2026-05-29 12:59:43,542 INFO o.a.j.e.J.Extraer token: TOKEN EXTRACTED OK: eyJhbGciOiJIUzI1NiJ9...
2026-05-29 12:59:43,630 INFO o.a.j.e.J.Extraer token: TOKEN EXTRACTED OK: eyJhbGciOiJIUzI1NiJ9...
2026-05-29 12:59:43,641 INFO o.a.j.e.J.Extraer token: TOKEN EXTRACTED OK: eyJhbGciOiJIUzI1NiJ9...
2026-05-29 12:59:43,933 INFO o.a.j.e.J.Extraer token: TOKEN EXTRACTED OK: eyJhbGciOiJIUzI1NiJ9...
2026-05-29 12:59:44,049 INFO o.a.j.e.J.Extraer token: TOKEN EXTRACTED OK: eyJhbGciOiJIUzI1NiJ9...
2026-05-29 12:59:44,205 INFO o.a.j.e.J.Extraer token: TOKEN EXTRACTED OK: eyJhbGciOiJIUzI1NiJ9...
2026-05-29 12:59:44,467 INFO o.a.j.e.J.Extraer token: TOKEN EXTRACTED OK: eyJhbGciOiJIUzI1NiJ9...
2026-05-29 12:59:44,670 INFO o.a.j.e.J.Extraer token: TOKEN EXTRACTED OK: eyJhbGciOiJIUzI1NiJ9...
2026-05-29 12:59:44,675 INFO o.a.j.e.J.Extraer token: TOKEN EXTRACTED OK: eyJhbGciOiJIUzI1NiJ9...
2026-05-29 12:59:44,716 INFO o.a.j.e.J.Extraer token: TOKEN EXTRACTED OK: eyJhbGciOiJIUzI1NiJ9...
2026-05-29 12:59:44,733 INFO o.a.j.e.J.Extraer token: TOKEN EXTRACTED OK: eyJhbGciOiJIUzI1NiJ9...
2026-05-29 12:59:44,787 INFO o.a.j.e.J.Extraer token: TOKEN EXTRACTED OK: eyJhbGciOiJIUzI1NiJ9...
2026-05-29 12:59:44,812 INFO o.a.j.e.J.Extraer token: TOKEN EXTRACTED OK: eyJhbGciOiJIUzI1NiJ9...
2026-05-29 12:59:44,890 INFO o.a.j.e.J.Extraer token: TOKEN EXTRACTED OK: eyJhbGciOiJIUzI1NiJ9...
2026-05-29 12:59:44,954 INFO o.a.j.e.J.Extraer token: TOKEN EXTRACTED OK: eyJhbGciOiJIUzI1NiJ9...
2026-05-29 12:59:45,325 INFO o.a.j.e.J.Extraer token: TOKEN EXTRACTED OK: eyJhbGciOiJIUzI1NiJ9...
2026-05-29 12:59:45,327 INFO o.a.j.e.J.Extraer token: TOKEN EXTRACTED OK: eyJhbGciOiJIUzI1NiJ9...
2026-05-29 12:59:45,365 INFO o.a.j.e.J.Extraer token: TOKEN EXTRACTED OK: eyJhbGciOiJIUzI1NiJ9...
2026-05-29 12:59:45,390 INFO o.a.j.e.J.Extraer token: TOKEN EXTRACTED OK: eyJhbGciOiJIUzI1NiJ9...
2026-05-29 12:59:45,454 INFO o.a.j.e.J.Extraer token: TOKEN EXTRACTED OK: eyJhbGciOiJIUzI1NiJ9...
2026-05-29 12:59:45,468 INFO o.a.j.e.J.Extraer token: TOKEN EXTRACTED OK: eyJhbGciOiJIUzI1NiJ9...
2026-05-29 12:59:45,481 INFO o.a.j.e.J.Extraer token: TOKEN EXTRACTED OK: eyJhbGciOiJIUzI1NiJ9...
2026-05-29 12:59:45,583 INFO o.a.j.e.J.Extraer token: TOKEN EXTRACTED OK: eyJhbGciOiJIUzI1NiJ9...
2026-05-29 12:59:45,586 INFO o.a.j.e.J.Extraer token: TOKEN EXTRACTED OK: eyJhbGciOiJIUzI1NiJ9...
2026-05-29 12:59:45,638 INFO o.a.j.e.J.Extraer token: TOKEN EXTRACTED OK: eyJhbGciOiJIUzI1NiJ9...
2026-05-29 12:59:45,889 INFO o.a.j.e.J.Extraer token: TOKEN EXTRACTED OK: eyJhbGciOiJIUzI1NiJ9...
2026-05-29 12:59:45,993 INFO o.a.j.e.J.Extraer token: TOKEN EXTRACTED OK: eyJhbGciOiJIUzI1NiJ9...
2026-05-29 12:59:46,027 INFO o.a.j.e.J.Extraer token: TOKEN EXTRACTED OK: eyJhbGciOiJIUzI1NiJ9...
2026-05-29 12:59:46,139 INFO o.a.j.e.J.Extraer token: TOKEN EXTRACTED OK: eyJhbGciOiJIUzI1NiJ9...
2026-05-29 12:59:46,221 INFO o.a.j.e.J.Extraer token: TOKEN EXTRACTED OK: eyJhbGciOiJIUzI1NiJ9...
2026-05-29 12:59:46,337 INFO o.a.j.e.J.Extraer token: TOKEN EXTRACTED OK: eyJhbGciOiJIUzI1NiJ9...
2026-05-29 12:59:46,359 INFO o.a.j.e.J.Extraer token: TOKEN EXTRACTED OK: eyJhbGciOiJIUzI1NiJ9...
2026-05-29 12:59:46,397 INFO o.a.j.e.J.Extraer token: TOKEN EXTRACTED OK: eyJhbGciOiJIUzI1NiJ9...
2026-05-29 12:59:46,408 INFO o.a.j.e.J.Extraer token: TOKEN EXTRACTED OK: eyJhbGciOiJIUzI1NiJ9...
2026-05-29 12:59:46,614 INFO o.a.j.e.J.Extraer token: TOKEN EXTRACTED OK: eyJhbGciOiJIUzI1NiJ9...
2026-05-29 12:59:46,659 INFO o.a.j.e.J.Extraer token: TOKEN EXTRACTED OK: eyJhbGciOiJIUzI1NiJ9...
2026-05-29 12:59:46,742 INFO o.a.j.e.J.Extraer token: TOKEN EXTRACTED OK: eyJhbGciOiJIUzI1NiJ9...
2026-05-29 12:59:46,811 INFO o.a.j.e.J.Extraer token: TOKEN EXTRACTED OK: eyJhbGciOiJIUzI1NiJ9...
2026-05-29 12:59:46,949 INFO o.a.j.e.J.Extraer token: TOKEN EXTRACTED OK: eyJhbGciOiJIUzI1NiJ9...
2026-05-29 12:59:47,036 INFO o.a.j.e.J.Extraer token: TOKEN EXTRACTED OK: eyJhbGciOiJIUzI1NiJ9...
2026-05-29 12:59:47,036 INFO o.a.j.e.J.Extraer token: TOKEN EXTRACTED OK: eyJhbGciOiJIUzI1NiJ9...
2026-05-29 12:59:47,110 INFO o.a.j.e.J.Extraer token: TOKEN EXTRACTED OK: eyJhbGciOiJIUzI1NiJ9...
2026-05-29 12:59:47,237 INFO o.a.j.e.J.Extraer token: TOKEN EXTRACTED OK: eyJhbGciOiJIUzI1NiJ9...
2026-05-29 12:59:47,426 INFO o.a.j.e.J.Extraer token: TOKEN EXTRACTED OK: eyJhbGciOiJIUzI1NiJ9...
2026-05-29 12:59:47,656 INFO o.a.j.e.J.Extraer token: TOKEN EXTRACTED OK: eyJhbGciOiJIUzI1NiJ9...
2026-05-29 12:59:47,753 INFO o.a.j.e.J.Extraer token: TOKEN EXTRACTED OK: eyJhbGciOiJIUzI1NiJ9...
2026-05-29 12:59:47,837 INFO o.a.j.e.J.Extraer token: TOKEN EXTRACTED OK: eyJhbGciOiJIUzI1NiJ9...
2026-05-29 12:59:47,894 INFO o.a.j.e.J.Extraer token: TOKEN EXTRACTED OK: eyJhbGciOiJIUzI1NiJ9...
2026-05-29 12:59:47,929 INFO o.a.j.e.J.Extraer token: TOKEN EXTRACTED OK: eyJhbGciOiJIUzI1NiJ9...
2026-05-29 12:59:47,967 INFO o.a.j.e.J.Extraer token: TOKEN EXTRACTED OK: eyJhbGciOiJIUzI1NiJ9...
2026-05-29 12:59:48,215 INFO o.a.j.e.J.Extraer token: TOKEN EXTRACTED OK: eyJhbGciOiJIUzI1NiJ9...
2026-05-29 12:59:48,303 INFO o.a.j.e.J.Extraer token: TOKEN EXTRACTED OK: eyJhbGciOiJIUzI1NiJ9...
2026-05-29 12:59:48,307 INFO o.a.j.e.J.Extraer token: TOKEN EXTRACTED OK: eyJhbGciOiJIUzI1NiJ9...
2026-05-29 12:59:48,539 INFO o.a.j.e.J.Extraer token: TOKEN EXTRACTED OK: eyJhbGciOiJIUzI1NiJ9...
2026-05-29 12:59:48,598 INFO o.a.j.e.J.Extraer token: TOKEN EXTRACTED OK: eyJhbGciOiJIUzI1NiJ9...
2026-05-29 12:59:48,611 INFO o.a.j.e.J.Extraer token: TOKEN EXTRACTED OK: eyJhbGciOiJIUzI1NiJ9...
2026-05-29 12:59:48,725 INFO o.a.j.e.J.Extraer token: TOKEN EXTRACTED OK: eyJhbGciOiJIUzI1NiJ9...
2026-05-29 12:59:48,735 INFO o.a.j.e.J.Extraer token: TOKEN EXTRACTED OK: eyJhbGciOiJIUzI1NiJ9...
2026-05-29 12:59:48,798 INFO o.a.j.e.J.Extraer token: TOKEN EXTRACTED OK: eyJhbGciOiJIUzI1NiJ9...
2026-05-29 12:59:48,859 INFO o.a.j.e.J.Extraer token: TOKEN EXTRACTED OK: eyJhbGciOiJIUzI1NiJ9...
2026-05-29 12:59:49,172 INFO o.a.j.e.J.Extraer token: TOKEN EXTRACTED OK: eyJhbGciOiJIUzI1NiJ9...
2026-05-29 12:59:49,375 INFO o.a.j.e.J.Extraer token: TOKEN EXTRACTED OK: eyJhbGciOiJIUzI1NiJ9...
2026-05-29 12:59:49,385 INFO o.a.j.e.J.Extraer token: TOKEN EXTRACTED OK: eyJhbGciOiJIUzI1NiJ9...
2026-05-29 12:59:49,441 INFO o.a.j.e.J.Extraer token: TOKEN EXTRACTED OK: eyJhbGciOiJIUzI1NiJ9...
2026-05-29 12:59:49,463 INFO o.a.j.e.J.Extraer token: TOKEN EXTRACTED OK: eyJhbGciOiJIUzI1NiJ9...
2026-05-29 12:59:49,496 INFO o.a.j.e.J.Extraer token: TOKEN EXTRACTED OK: eyJhbGciOiJIUzI1NiJ9...
2026-05-29 12:59:49,568 INFO o.a.j.e.J.Extraer token: TOKEN EXTRACTED OK: eyJhbGciOiJIUzI1NiJ9...
2026-05-29 12:59:49,599 INFO o.a.j.e.J.Extraer token: TOKEN EXTRACTED OK: eyJhbGciOiJIUzI1NiJ9...
2026-05-29 12:59:49,856 INFO o.a.j.e.J.Extraer token: TOKEN EXTRACTED OK: eyJhbGciOiJIUzI1NiJ9...
2026-05-29 12:59:49,895 INFO o.a.j.e.J.Extraer token: TOKEN EXTRACTED OK: eyJhbGciOiJIUzI1NiJ9...
2026-05-29 12:59:49,965 INFO o.a.j.e.J.Extraer token: TOKEN EXTRACTED OK: eyJhbGciOiJIUzI1NiJ9...
2026-05-29 12:59:50,021 INFO o.a.j.e.J.Extraer token: TOKEN EXTRACTED OK: eyJhbGciOiJIUzI1NiJ9...
2026-05-29 12:59:50,046 INFO o.a.j.e.J.Extraer token: TOKEN EXTRACTED OK: eyJhbGciOiJIUzI1NiJ9...
2026-05-29 12:59:50,093 INFO o.a.j.e.J.Extraer token: TOKEN EXTRACTED OK: eyJhbGciOiJIUzI1NiJ9...
2026-05-29 12:59:50,104 INFO o.a.j.e.J.Extraer token: TOKEN EXTRACTED OK: eyJhbGciOiJIUzI1NiJ9...
2026-05-29 12:59:50,324 INFO o.a.j.e.J.Extraer token: TOKEN EXTRACTED OK: eyJhbGciOiJIUzI1NiJ9...
2026-05-29 12:59:50,443 INFO o.a.j.e.J.Extraer token: TOKEN EXTRACTED OK: eyJhbGciOiJIUzI1NiJ9...
2026-05-29 12:59:50,482 INFO o.a.j.e.J.Extraer token: TOKEN EXTRACTED OK: eyJhbGciOiJIUzI1NiJ9...
2026-05-29 12:59:50,583 INFO o.a.j.e.J.Extraer token: TOKEN EXTRACTED OK: eyJhbGciOiJIUzI1NiJ9...
2026-05-29 12:59:50,610 INFO o.a.j.e.J.Extraer token: TOKEN EXTRACTED OK: eyJhbGciOiJIUzI1NiJ9...
2026-05-29 12:59:50,678 INFO o.a.j.e.J.Extraer token: TOKEN EXTRACTED OK: eyJhbGciOiJIUzI1NiJ9...
2026-05-29 12:59:50,722 INFO o.a.j.e.J.Extraer token: TOKEN EXTRACTED OK: eyJhbGciOiJIUzI1NiJ9...
2026-05-29 12:59:50,725 INFO o.a.j.e.J.Extraer token: TOKEN EXTRACTED OK: eyJhbGciOiJIUzI1NiJ9...
2026-05-29 12:59:51,005 INFO o.a.j.e.J.Extraer token: TOKEN EXTRACTED OK: eyJhbGciOiJIUzI1NiJ9...
2026-05-29 12:59:51,081 INFO o.a.j.e.J.Extraer token: TOKEN EXTRACTED OK: eyJhbGciOiJIUzI1NiJ9...
2026-05-29 12:59:51,152 INFO o.a.j.e.J.Extraer token: TOKEN EXTRACTED OK: eyJhbGciOiJIUzI1NiJ9...
2026-05-29 12:59:51,158 INFO o.a.j.e.J.Extraer token: TOKEN EXTRACTED OK: eyJhbGciOiJIUzI1NiJ9...
2026-05-29 12:59:51,245 INFO o.a.j.e.J.Extraer token: TOKEN EXTRACTED OK: eyJhbGciOiJIUzI1NiJ9...
2026-05-29 12:59:51,271 INFO o.a.j.e.J.Extraer token: TOKEN EXTRACTED OK: eyJhbGciOiJIUzI1NiJ9...
2026-05-29 12:59:51,421 INFO o.a.j.e.J.Extraer token: TOKEN EXTRACTED OK: eyJhbGciOiJIUzI1NiJ9...
2026-05-29 12:59:51,444 INFO o.a.j.e.J.Extraer token: TOKEN EXTRACTED OK: eyJhbGciOiJIUzI1NiJ9...
2026-05-29 12:59:51,509 INFO o.a.j.e.J.Extraer token: TOKEN EXTRACTED OK: eyJhbGciOiJIUzI1NiJ9...
2026-05-29 12:59:51,714 INFO o.a.j.e.J.Extraer token: TOKEN EXTRACTED OK: eyJhbGciOiJIUzI1NiJ9...
2026-05-29 12:59:52,254 INFO o.a.j.e.J.Extraer token: TOKEN EXTRACTED OK: eyJhbGciOiJIUzI1NiJ9...
2026-05-29 12:59:52,468 INFO o.a.j.e.J.Extraer token: TOKEN EXTRACTED OK: eyJhbGciOiJIUzI1NiJ9...
2026-05-29 12:59:52,550 INFO o.a.j.e.J.Extraer token: TOKEN EXTRACTED OK: eyJhbGciOiJIUzI1NiJ9...
2026-05-29 12:59:52,571 INFO o.a.j.e.J.Extraer token: TOKEN EXTRACTED OK: eyJhbGciOiJIUzI1NiJ9...
2026-05-29 12:59:52,614 INFO o.a.j.e.J.Extraer token: TOKEN EXTRACTED OK: eyJhbGciOiJIUzI1NiJ9...
2026-05-29 12:59:52,644 INFO o.a.j.e.J.Extraer token: TOKEN EXTRACTED OK: eyJhbGciOiJIUzI1NiJ9...
2026-05-29 12:59:52,750 INFO o.a.j.e.J.Extraer token: TOKEN EXTRACTED OK: eyJhbGciOiJIUzI1NiJ9...
2026-05-29 12:59:52,752 INFO o.a.j.e.J.Extraer token: TOKEN EXTRACTED OK: eyJhbGciOiJIUzI1NiJ9...
2026-05-29 12:59:52,783 INFO o.a.j.t.JMeterThread: Thread is done: Usuarios Concurrentes (50) 1-4
2026-05-29 12:59:52,783 INFO o.a.j.t.JMeterThread: Thread finished: Usuarios Concurrentes (50) 1-4
2026-05-29 12:59:52,849 INFO o.a.j.e.J.Extraer token: TOKEN EXTRACTED OK: eyJhbGciOiJIUzI1NiJ9...
2026-05-29 12:59:53,227 INFO o.a.j.e.J.Extraer token: TOKEN EXTRACTED OK: eyJhbGciOiJIUzI1NiJ9...
2026-05-29 12:59:53,228 INFO o.a.j.e.J.Extraer token: TOKEN EXTRACTED OK: eyJhbGciOiJIUzI1NiJ9...
2026-05-29 12:59:53,380 INFO o.a.j.e.J.Extraer token: TOKEN EXTRACTED OK: eyJhbGciOiJIUzI1NiJ9...
2026-05-29 12:59:53,493 INFO o.a.j.e.J.Extraer token: TOKEN EXTRACTED OK: eyJhbGciOiJIUzI1NiJ9...
2026-05-29 12:59:53,618 INFO o.a.j.e.J.Extraer token: TOKEN EXTRACTED OK: eyJhbGciOiJIUzI1NiJ9...
2026-05-29 12:59:53,631 INFO o.a.j.e.J.Extraer token: TOKEN EXTRACTED OK: eyJhbGciOiJIUzI1NiJ9...
2026-05-29 12:59:53,644 INFO o.a.j.e.J.Extraer token: TOKEN EXTRACTED OK: eyJhbGciOiJIUzI1NiJ9...
2026-05-29 12:59:53,714 INFO o.a.j.e.J.Extraer token: TOKEN EXTRACTED OK: eyJhbGciOiJIUzI1NiJ9...
2026-05-29 12:59:53,949 INFO o.a.j.e.J.Extraer token: TOKEN EXTRACTED OK: eyJhbGciOiJIUzI1NiJ9...
2026-05-29 12:59:53,952 INFO o.a.j.e.J.Extraer token: TOKEN EXTRACTED OK: eyJhbGciOiJIUzI1NiJ9...
2026-05-29 12:59:54,007 INFO o.a.j.e.J.Extraer token: TOKEN EXTRACTED OK: eyJhbGciOiJIUzI1NiJ9...
2026-05-29 12:59:54,051 INFO o.a.j.e.J.Extraer token: TOKEN EXTRACTED OK: eyJhbGciOiJIUzI1NiJ9...
2026-05-29 12:59:54,073 INFO o.a.j.e.J.Extraer token: TOKEN EXTRACTED OK: eyJhbGciOiJIUzI1NiJ9...
2026-05-29 12:59:54,251 INFO o.a.j.e.J.Extraer token: TOKEN EXTRACTED OK: eyJhbGciOiJIUzI1NiJ9...
2026-05-29 12:59:54,253 INFO o.a.j.e.J.Extraer token: TOKEN EXTRACTED OK: eyJhbGciOiJIUzI1NiJ9...
2026-05-29 12:59:54,315 INFO o.a.j.e.J.Extraer token: TOKEN EXTRACTED OK: eyJhbGciOiJIUzI1NiJ9...
2026-05-29 12:59:54,409 INFO o.a.j.e.J.Extraer token: TOKEN EXTRACTED OK: eyJhbGciOiJIUzI1NiJ9...
2026-05-29 12:59:54,428 INFO o.a.j.e.J.Extraer token: TOKEN EXTRACTED OK: eyJhbGciOiJIUzI1NiJ9...
2026-05-29 12:59:54,564 INFO o.a.j.e.J.Extraer token: TOKEN EXTRACTED OK: eyJhbGciOiJIUzI1NiJ9...
2026-05-29 12:59:54,648 INFO o.a.j.e.J.Extraer token: TOKEN EXTRACTED OK: eyJhbGciOiJIUzI1NiJ9...
2026-05-29 12:59:54,722 INFO o.a.j.e.J.Extraer token: TOKEN EXTRACTED OK: eyJhbGciOiJIUzI1NiJ9...
2026-05-29 12:59:54,854 INFO o.a.j.e.J.Extraer token: TOKEN EXTRACTED OK: eyJhbGciOiJIUzI1NiJ9...
2026-05-29 12:59:54,880 INFO o.a.j.e.J.Extraer token: TOKEN EXTRACTED OK: eyJhbGciOiJIUzI1NiJ9...
2026-05-29 12:59:54,940 INFO o.a.j.e.J.Extraer token: TOKEN EXTRACTED OK: eyJhbGciOiJIUzI1NiJ9...
2026-05-29 12:59:54,942 INFO o.a.j.e.J.Extraer token: TOKEN EXTRACTED OK: eyJhbGciOiJIUzI1NiJ9...
2026-05-29 12:59:54,969 INFO o.a.j.e.J.Extraer token: TOKEN EXTRACTED OK: eyJhbGciOiJIUzI1NiJ9...
2026-05-29 12:59:55,126 INFO o.a.j.e.J.Extraer token: TOKEN EXTRACTED OK: eyJhbGciOiJIUzI1NiJ9...
2026-05-29 12:59:55,132 INFO o.a.j.t.JMeterThread: Thread is done: Usuarios Concurrentes (50) 1-5
2026-05-29 12:59:55,133 INFO o.a.j.t.JMeterThread: Thread finished: Usuarios Concurrentes (50) 1-5
2026-05-29 12:59:55,144 INFO o.a.j.e.J.Extraer token: TOKEN EXTRACTED OK: eyJhbGciOiJIUzI1NiJ9...
2026-05-29 12:59:55,428 INFO o.a.j.e.J.Extraer token: TOKEN EXTRACTED OK: eyJhbGciOiJIUzI1NiJ9...
2026-05-29 12:59:55,573 INFO o.a.j.t.JMeterThread: Thread is done: Usuarios Concurrentes (50) 1-1
2026-05-29 12:59:55,573 INFO o.a.j.t.JMeterThread: Thread finished: Usuarios Concurrentes (50) 1-1
2026-05-29 12:59:55,643 INFO o.a.j.t.JMeterThread: Thread is done: Usuarios Concurrentes (50) 1-2
2026-05-29 12:59:55,643 INFO o.a.j.t.JMeterThread: Thread finished: Usuarios Concurrentes (50) 1-2
2026-05-29 12:59:55,675 INFO o.a.j.e.J.Extraer token: TOKEN EXTRACTED OK: eyJhbGciOiJIUzI1NiJ9...
2026-05-29 12:59:55,840 INFO o.a.j.e.J.Extraer token: TOKEN EXTRACTED OK: eyJhbGciOiJIUzI1NiJ9...
2026-05-29 12:59:55,907 INFO o.a.j.e.J.Extraer token: TOKEN EXTRACTED OK: eyJhbGciOiJIUzI1NiJ9...
2026-05-29 12:59:56,026 INFO o.a.j.t.JMeterThread: Thread is done: Usuarios Concurrentes (50) 1-8
2026-05-29 12:59:56,026 INFO o.a.j.t.JMeterThread: Thread finished: Usuarios Concurrentes (50) 1-8
2026-05-29 12:59:56,056 INFO o.a.j.e.J.Extraer token: TOKEN EXTRACTED OK: eyJhbGciOiJIUzI1NiJ9...
2026-05-29 12:59:56,130 INFO o.a.j.t.JMeterThread: Thread is done: Usuarios Concurrentes (50) 1-7
2026-05-29 12:59:56,130 INFO o.a.j.t.JMeterThread: Thread finished: Usuarios Concurrentes (50) 1-7
2026-05-29 12:59:56,390 INFO o.a.j.t.JMeterThread: Thread is done: Usuarios Concurrentes (50) 1-9
2026-05-29 12:59:56,392 INFO o.a.j.t.JMeterThread: Thread finished: Usuarios Concurrentes (50) 1-9
2026-05-29 12:59:56,638 INFO o.a.j.e.J.Extraer token: TOKEN EXTRACTED OK: eyJhbGciOiJIUzI1NiJ9...
2026-05-29 12:59:56,658 INFO o.a.j.e.J.Extraer token: TOKEN EXTRACTED OK: eyJhbGciOiJIUzI1NiJ9...
2026-05-29 12:59:56,664 INFO o.a.j.t.JMeterThread: Thread is done: Usuarios Concurrentes (50) 1-3
2026-05-29 12:59:56,664 INFO o.a.j.t.JMeterThread: Thread finished: Usuarios Concurrentes (50) 1-3
2026-05-29 12:59:56,724 INFO o.a.j.t.JMeterThread: Thread is done: Usuarios Concurrentes (50) 1-6
2026-05-29 12:59:56,724 INFO o.a.j.t.JMeterThread: Thread finished: Usuarios Concurrentes (50) 1-6
2026-05-29 12:59:56,974 INFO o.a.j.e.J.Extraer token: TOKEN EXTRACTED OK: eyJhbGciOiJIUzI1NiJ9...
2026-05-29 12:59:57,226 INFO o.a.j.e.J.Extraer token: TOKEN EXTRACTED OK: eyJhbGciOiJIUzI1NiJ9...
2026-05-29 12:59:57,259 INFO o.a.j.e.J.Extraer token: TOKEN EXTRACTED OK: eyJhbGciOiJIUzI1NiJ9...
2026-05-29 12:59:57,374 INFO o.a.j.e.J.Extraer token: TOKEN EXTRACTED OK: eyJhbGciOiJIUzI1NiJ9...
2026-05-29 12:59:57,402 INFO o.a.j.e.J.Extraer token: TOKEN EXTRACTED OK: eyJhbGciOiJIUzI1NiJ9...
2026-05-29 12:59:57,483 INFO o.a.j.e.J.Extraer token: TOKEN EXTRACTED OK: eyJhbGciOiJIUzI1NiJ9...
2026-05-29 12:59:57,636 INFO o.a.j.e.J.Extraer token: TOKEN EXTRACTED OK: eyJhbGciOiJIUzI1NiJ9...
2026-05-29 12:59:57,649 INFO o.a.j.t.JMeterThread: Thread is done: Usuarios Concurrentes (50) 1-11
2026-05-29 12:59:57,650 INFO o.a.j.t.JMeterThread: Thread finished: Usuarios Concurrentes (50) 1-11
2026-05-29 12:59:57,658 INFO o.a.j.t.JMeterThread: Thread is done: Usuarios Concurrentes (50) 1-13
2026-05-29 12:59:57,660 INFO o.a.j.t.JMeterThread: Thread finished: Usuarios Concurrentes (50) 1-13
2026-05-29 12:59:57,701 INFO o.a.j.e.J.Extraer token: TOKEN EXTRACTED OK: eyJhbGciOiJIUzI1NiJ9...
2026-05-29 12:59:57,715 INFO o.a.j.e.J.Extraer token: TOKEN EXTRACTED OK: eyJhbGciOiJIUzI1NiJ9...
2026-05-29 12:59:57,898 INFO o.a.j.t.JMeterThread: Thread is done: Usuarios Concurrentes (50) 1-16
2026-05-29 12:59:57,898 INFO o.a.j.t.JMeterThread: Thread finished: Usuarios Concurrentes (50) 1-16
2026-05-29 12:59:57,920 INFO o.a.j.e.J.Extraer token: TOKEN EXTRACTED OK: eyJhbGciOiJIUzI1NiJ9...
2026-05-29 12:59:58,036 INFO o.a.j.e.J.Extraer token: TOKEN EXTRACTED OK: eyJhbGciOiJIUzI1NiJ9...
2026-05-29 12:59:58,045 INFO o.a.j.e.J.Extraer token: TOKEN EXTRACTED OK: eyJhbGciOiJIUzI1NiJ9...
2026-05-29 12:59:58,120 INFO o.a.j.e.J.Extraer token: TOKEN EXTRACTED OK: eyJhbGciOiJIUzI1NiJ9...
2026-05-29 12:59:58,375 INFO o.a.j.e.J.Extraer token: TOKEN EXTRACTED OK: eyJhbGciOiJIUzI1NiJ9...
2026-05-29 12:59:58,389 INFO o.a.j.t.JMeterThread: Thread is done: Usuarios Concurrentes (50) 1-17
2026-05-29 12:59:58,389 INFO o.a.j.t.JMeterThread: Thread finished: Usuarios Concurrentes (50) 1-17
2026-05-29 12:59:58,456 INFO o.a.j.t.JMeterThread: Thread is done: Usuarios Concurrentes (50) 1-10
2026-05-29 12:59:58,456 INFO o.a.j.t.JMeterThread: Thread finished: Usuarios Concurrentes (50) 1-10
2026-05-29 12:59:58,459 INFO o.a.j.e.J.Extraer token: TOKEN EXTRACTED OK: eyJhbGciOiJIUzI1NiJ9...
2026-05-29 12:59:58,485 INFO o.a.j.e.J.Extraer token: TOKEN EXTRACTED OK: eyJhbGciOiJIUzI1NiJ9...
2026-05-29 12:59:58,550 INFO o.a.j.e.J.Extraer token: TOKEN EXTRACTED OK: eyJhbGciOiJIUzI1NiJ9...
2026-05-29 12:59:58,626 INFO o.a.j.t.JMeterThread: Thread is done: Usuarios Concurrentes (50) 1-14
2026-05-29 12:59:58,626 INFO o.a.j.t.JMeterThread: Thread finished: Usuarios Concurrentes (50) 1-14
2026-05-29 12:59:58,643 INFO o.a.j.e.J.Extraer token: TOKEN EXTRACTED OK: eyJhbGciOiJIUzI1NiJ9...
2026-05-29 12:59:58,768 INFO o.a.j.t.JMeterThread: Thread is done: Usuarios Concurrentes (50) 1-12
2026-05-29 12:59:58,768 INFO o.a.j.t.JMeterThread: Thread finished: Usuarios Concurrentes (50) 1-12
2026-05-29 12:59:58,876 INFO o.a.j.e.J.Extraer token: TOKEN EXTRACTED OK: eyJhbGciOiJIUzI1NiJ9...
2026-05-29 12:59:58,917 INFO o.a.j.t.JMeterThread: Thread is done: Usuarios Concurrentes (50) 1-23
2026-05-29 12:59:58,917 INFO o.a.j.t.JMeterThread: Thread finished: Usuarios Concurrentes (50) 1-23
2026-05-29 12:59:58,938 INFO o.a.j.e.J.Extraer token: TOKEN EXTRACTED OK: eyJhbGciOiJIUzI1NiJ9...
2026-05-29 12:59:58,944 INFO o.a.j.t.JMeterThread: Thread is done: Usuarios Concurrentes (50) 1-21
2026-05-29 12:59:58,945 INFO o.a.j.t.JMeterThread: Thread finished: Usuarios Concurrentes (50) 1-21
2026-05-29 12:59:58,968 INFO o.a.j.t.JMeterThread: Thread is done: Usuarios Concurrentes (50) 1-19
2026-05-29 12:59:58,968 INFO o.a.j.t.JMeterThread: Thread finished: Usuarios Concurrentes (50) 1-19
2026-05-29 12:59:58,984 INFO o.a.j.t.JMeterThread: Thread is done: Usuarios Concurrentes (50) 1-29
2026-05-29 12:59:58,984 INFO o.a.j.t.JMeterThread: Thread finished: Usuarios Concurrentes (50) 1-29
2026-05-29 12:59:58,987 INFO o.a.j.t.JMeterThread: Thread is done: Usuarios Concurrentes (50) 1-15
2026-05-29 12:59:58,987 INFO o.a.j.t.JMeterThread: Thread finished: Usuarios Concurrentes (50) 1-15
2026-05-29 12:59:59,164 INFO o.a.j.e.J.Extraer token: TOKEN EXTRACTED OK: eyJhbGciOiJIUzI1NiJ9...
2026-05-29 12:59:59,345 INFO o.a.j.e.J.Extraer token: TOKEN EXTRACTED OK: eyJhbGciOiJIUzI1NiJ9...
2026-05-29 12:59:59,364 INFO o.a.j.e.J.Extraer token: TOKEN EXTRACTED OK: eyJhbGciOiJIUzI1NiJ9...
2026-05-29 12:59:59,401 INFO o.a.j.t.JMeterThread: Thread is done: Usuarios Concurrentes (50) 1-46
2026-05-29 12:59:59,401 INFO o.a.j.t.JMeterThread: Thread finished: Usuarios Concurrentes (50) 1-46
2026-05-29 12:59:59,442 INFO o.a.j.e.J.Extraer token: TOKEN EXTRACTED OK: eyJhbGciOiJIUzI1NiJ9...
2026-05-29 12:59:59,486 INFO o.a.j.t.JMeterThread: Thread is done: Usuarios Concurrentes (50) 1-20
2026-05-29 12:59:59,487 INFO o.a.j.t.JMeterThread: Thread finished: Usuarios Concurrentes (50) 1-20
2026-05-29 12:59:59,713 INFO o.a.j.t.JMeterThread: Thread is done: Usuarios Concurrentes (50) 1-24
2026-05-29 12:59:59,713 INFO o.a.j.t.JMeterThread: Thread finished: Usuarios Concurrentes (50) 1-24
2026-05-29 12:59:59,782 INFO o.a.j.t.JMeterThread: Thread is done: Usuarios Concurrentes (50) 1-22
2026-05-29 12:59:59,782 INFO o.a.j.t.JMeterThread: Thread finished: Usuarios Concurrentes (50) 1-22
2026-05-29 12:59:59,971 INFO o.a.j.t.JMeterThread: Thread is done: Usuarios Concurrentes (50) 1-18
2026-05-29 12:59:59,971 INFO o.a.j.t.JMeterThread: Thread finished: Usuarios Concurrentes (50) 1-18
2026-05-29 13:00:00,014 INFO o.a.j.t.JMeterThread: Thread is done: Usuarios Concurrentes (50) 1-42
2026-05-29 13:00:00,014 INFO o.a.j.t.JMeterThread: Thread finished: Usuarios Concurrentes (50) 1-42
2026-05-29 13:00:00,022 INFO o.a.j.t.JMeterThread: Thread is done: Usuarios Concurrentes (50) 1-28
2026-05-29 13:00:00,022 INFO o.a.j.t.JMeterThread: Thread finished: Usuarios Concurrentes (50) 1-28
2026-05-29 13:00:00,031 INFO o.a.j.t.JMeterThread: Thread is done: Usuarios Concurrentes (50) 1-33
2026-05-29 13:00:00,031 INFO o.a.j.t.JMeterThread: Thread finished: Usuarios Concurrentes (50) 1-33
2026-05-29 13:00:00,094 INFO o.a.j.t.JMeterThread: Thread is done: Usuarios Concurrentes (50) 1-40
2026-05-29 13:00:00,095 INFO o.a.j.t.JMeterThread: Thread finished: Usuarios Concurrentes (50) 1-40
2026-05-29 13:00:00,234 INFO o.a.j.t.JMeterThread: Thread is done: Usuarios Concurrentes (50) 1-34
2026-05-29 13:00:00,234 INFO o.a.j.t.JMeterThread: Thread finished: Usuarios Concurrentes (50) 1-34
2026-05-29 13:00:00,288 INFO o.a.j.t.JMeterThread: Thread is done: Usuarios Concurrentes (50) 1-41
2026-05-29 13:00:00,288 INFO o.a.j.t.JMeterThread: Thread finished: Usuarios Concurrentes (50) 1-41
2026-05-29 13:00:00,314 INFO o.a.j.t.JMeterThread: Thread is done: Usuarios Concurrentes (50) 1-26
2026-05-29 13:00:00,314 INFO o.a.j.t.JMeterThread: Thread finished: Usuarios Concurrentes (50) 1-26
2026-05-29 13:00:00,410 INFO o.a.j.t.JMeterThread: Thread is done: Usuarios Concurrentes (50) 1-35
2026-05-29 13:00:00,410 INFO o.a.j.t.JMeterThread: Thread finished: Usuarios Concurrentes (50) 1-35
2026-05-29 13:00:00,419 INFO o.a.j.t.JMeterThread: Thread is done: Usuarios Concurrentes (50) 1-39
2026-05-29 13:00:00,419 INFO o.a.j.t.JMeterThread: Thread finished: Usuarios Concurrentes (50) 1-39
2026-05-29 13:00:00,449 INFO o.a.j.t.JMeterThread: Thread is done: Usuarios Concurrentes (50) 1-38
2026-05-29 13:00:00,449 INFO o.a.j.t.JMeterThread: Thread finished: Usuarios Concurrentes (50) 1-38
2026-05-29 13:00:00,523 INFO o.a.j.t.JMeterThread: Thread is done: Usuarios Concurrentes (50) 1-27
2026-05-29 13:00:00,524 INFO o.a.j.t.JMeterThread: Thread finished: Usuarios Concurrentes (50) 1-27
2026-05-29 13:00:00,558 INFO o.a.j.t.JMeterThread: Thread is done: Usuarios Concurrentes (50) 1-31
2026-05-29 13:00:00,559 INFO o.a.j.t.JMeterThread: Thread finished: Usuarios Concurrentes (50) 1-31
2026-05-29 13:00:00,565 INFO o.a.j.t.JMeterThread: Thread is done: Usuarios Concurrentes (50) 1-25
2026-05-29 13:00:00,565 INFO o.a.j.t.JMeterThread: Thread finished: Usuarios Concurrentes (50) 1-25
2026-05-29 13:00:00,614 INFO o.a.j.t.JMeterThread: Thread is done: Usuarios Concurrentes (50) 1-30
2026-05-29 13:00:00,614 INFO o.a.j.t.JMeterThread: Thread finished: Usuarios Concurrentes (50) 1-30
2026-05-29 13:00:00,642 INFO o.a.j.t.JMeterThread: Thread is done: Usuarios Concurrentes (50) 1-45
2026-05-29 13:00:00,642 INFO o.a.j.t.JMeterThread: Thread finished: Usuarios Concurrentes (50) 1-45
2026-05-29 13:00:00,664 INFO o.a.j.t.JMeterThread: Thread is done: Usuarios Concurrentes (50) 1-37
2026-05-29 13:00:00,664 INFO o.a.j.t.JMeterThread: Thread finished: Usuarios Concurrentes (50) 1-37
2026-05-29 13:00:00,670 INFO o.a.j.t.JMeterThread: Thread is done: Usuarios Concurrentes (50) 1-32
2026-05-29 13:00:00,671 INFO o.a.j.t.JMeterThread: Thread finished: Usuarios Concurrentes (50) 1-32
2026-05-29 13:00:00,688 INFO o.a.j.t.JMeterThread: Thread is done: Usuarios Concurrentes (50) 1-36
2026-05-29 13:00:00,688 INFO o.a.j.t.JMeterThread: Thread finished: Usuarios Concurrentes (50) 1-36
2026-05-29 13:00:00,702 INFO o.a.j.t.JMeterThread: Thread is done: Usuarios Concurrentes (50) 1-47
2026-05-29 13:00:00,702 INFO o.a.j.t.JMeterThread: Thread finished: Usuarios Concurrentes (50) 1-47
2026-05-29 13:00:00,745 INFO o.a.j.t.JMeterThread: Thread is done: Usuarios Concurrentes (50) 1-50
2026-05-29 13:00:00,745 INFO o.a.j.t.JMeterThread: Thread finished: Usuarios Concurrentes (50) 1-50
2026-05-29 13:00:00,836 INFO o.a.j.t.JMeterThread: Thread is done: Usuarios Concurrentes (50) 1-49
2026-05-29 13:00:00,836 INFO o.a.j.t.JMeterThread: Thread finished: Usuarios Concurrentes (50) 1-49
2026-05-29 13:00:00,851 INFO o.a.j.t.JMeterThread: Thread is done: Usuarios Concurrentes (50) 1-48
2026-05-29 13:00:00,851 INFO o.a.j.t.JMeterThread: Thread finished: Usuarios Concurrentes (50) 1-48
2026-05-29 13:00:00,868 INFO o.a.j.t.JMeterThread: Thread is done: Usuarios Concurrentes (50) 1-44
2026-05-29 13:00:00,868 INFO o.a.j.t.JMeterThread: Thread finished: Usuarios Concurrentes (50) 1-44
2026-05-29 13:00:00,872 INFO o.a.j.t.JMeterThread: Thread is done: Usuarios Concurrentes (50) 1-43
2026-05-29 13:00:00,872 INFO o.a.j.t.JMeterThread: Thread finished: Usuarios Concurrentes (50) 1-43
2026-05-29 13:00:00,872 INFO o.a.j.e.StandardJMeterEngine: Notifying test listeners of end of test
2026-05-29 13:00:00,875 INFO o.a.j.g.u.JMeterMenuBar: setRunning(false, *local*)
